// Jest Snapshot v1, https://goo.gl/fbAQLP

exports[`Pruebas en GridItem Debe mostrar el componente correctamente 1`] = `
<div
  className="card animate__animated animate__fadeIn"
>
  <img
    alt="Un titulo"
    src="https://localhost/algo.jpg"
  />
  <p
    className="subtitle is-6"
  >
    Un titulo
  </p>
</div>
`;
